15:47:23 **** Auto Build of configuration Debug for project LED_Controller_test ****
make pre-build main-build 
a9-linaro-pre-build-step
' '
'Building file: ../src/led_controller_test_tut_4A.c'
'Invoking: ARM v7 gcc compiler'
arm-none-eabi-gcc -Wall -O0 -g3 -c -fmessage-length=0 -MT"src/led_controller_test_tut_4A.o" -mcpu=cortex-a9 -mfpu=vfpv3 -mfloat-abi=hard -I../../LED_Controller_test_bsp/ps7_cortexa9_0/include -MMD -MP -MF"src/led_controller_test_tut_4A.d" -MT"src/led_controller_test_tut_4A.o" -o "src/led_controller_test_tut_4A.o" "../src/led_controller_test_tut_4A.c"
'Finished building: ../src/led_controller_test_tut_4A.c'
' '
'Building target: LED_Controller_test.elf'
'Invoking: ARM v7 gcc linker'
arm-none-eabi-gcc -mcpu=cortex-a9 -mfpu=vfpv3 -mfloat-abi=hard -Wl,-build-id=none -specs=Xilinx.spec -Wl,-T -Wl,../src/lscript.ld -L../../LED_Controller_test_bsp/ps7_cortexa9_0/lib -o "LED_Controller_test.elf"  ./src/led_controller_test_tut_4A.o ./src/platform.o   -Wl,--start-group,-lxil,-lgcc,-lc,--end-group
'Finished building target: LED_Controller_test.elf'
' '
'Invoking: ARM v7 Print Size'
arm-none-eabi-size LED_Controller_test.elf  |tee "LED_Controller_test.elf.size"
   text	   data	    bss	    dec	    hex	filename
  29708	   1544	  23256	  54508	   d4ec	LED_Controller_test.elf
'Finished building: LED_Controller_test.elf.size'
' '

15:47:24 Build Finished (took 907ms)

